// Jest Snapshot v1, https://goo.gl/fbAQLP

exports[`Home Component Suite Snapshot check 1`] = `
.c3 {
  display: -webkit-box;
  display: -webkit-flex;
  display: -ms-flexbox;
  display: flex;
  -webkit-box-pack: justify;
  -webkit-justify-content: space-between;
  -ms-flex-pack: justify;
  justify-content: space-between;
  width: 100%;
}

.c4 {
  margin: auto;
}

.c1 {
  background-color: #227093;
  color: white;
  text-align: center;
}

.c2 {
  width: 50%;
  display: inline-grid;
  grid-area: input;
  grid-template-areas: 'span' 'select';
}

.c2 span {
  grid-area: span;
}

.c2 div.Select {
  width: 100%;
  grid-area: select;
}

.c5 {
  background-color: #2980b9;
  border: none;
  color: white;
  padding: 12px 16px;
  font-size: 16px;
  cursor: pointer;
}

.c5:hover {
  background-color: tomato;
}

.c5:disabled {
  background-color: #7f8c8d;
}

.c0 {
  font-family: verdana;
  height: -webkit-fill-available;
  background-color: #2c2c54;
  display: grid;
  grid-template-columns: auto 500px auto;
  row-gap: 20px;
  grid-template-areas: ". Filters ." "ItemList ItemList ItemList" "NoResults NoResults NoResults" ". Pagination .";
}

.c0 div.Filters {
  grid-area: Filters;
}

.c0 div.ItemList {
  grid-area: ItemList;
}

.c0 div.NoResults {
  background: #2980b9;
  color: white;
  display: -webkit-box;
  display: -webkit-flex;
  display: -ms-flexbox;
  display: flex;
  -webkit-box-pack: center;
  -webkit-justify-content: center;
  -ms-flex-pack: center;
  justify-content: center;
  -webkit-align-items: center;
  -webkit-box-align: center;
  -ms-flex-align: center;
  align-items: center;
  width: 100%;
  height: 300px;
  grid-area: NoResults;
}

.c0 div.Pagination {
  grid-area: Pagination;
}

<body>
  <div>
    <div
      class="c0 homecontainer"
    >
      <div
        class="c1 Filters"
      >
        <label
          class="c2"
        >
          Start Month
          <div
            class="c3 Select"
          >
            <select
              class="c4"
              data-testid="select"
            >
              <option
                value="-1"
              >
                Empty
              </option>
              <option
                value="1"
              >
                January
              </option>
              <option
                value="2"
              >
                February
              </option>
              <option
                value="3"
              >
                March
              </option>
              <option
                value="4"
              >
                April
              </option>
              <option
                value="5"
              >
                May
              </option>
              <option
                value="6"
              >
                June
              </option>
              <option
                value="7"
              >
                July
              </option>
              <option
                value="8"
              >
                August
              </option>
              <option
                value="9"
              >
                September
              </option>
              <option
                value="10"
              >
                October
              </option>
              <option
                value="11"
              >
                November
              </option>
              <option
                value="12"
              >
                December
              </option>
            </select>
          </div>
        </label>
        <label
          class="c2"
        >
          End Month
          <div
            class="c3 Select"
          >
            <select
              class="c4"
              data-testid="select"
            >
              <option
                value="-1"
              >
                Empty
              </option>
              <option
                value="1"
              >
                January
              </option>
              <option
                value="2"
              >
                February
              </option>
              <option
                value="3"
              >
                March
              </option>
              <option
                value="4"
              >
                April
              </option>
              <option
                value="5"
              >
                May
              </option>
              <option
                value="6"
              >
                June
              </option>
              <option
                value="7"
              >
                July
              </option>
              <option
                value="8"
              >
                August
              </option>
              <option
                value="9"
              >
                September
              </option>
              <option
                value="10"
              >
                October
              </option>
              <option
                value="11"
              >
                November
              </option>
              <option
                value="12"
              >
                December
              </option>
            </select>
          </div>
        </label>
        <label
          class="c2"
        >
          Start year
          <div
            class="c3 Select"
          >
            <select
              class="c4"
              data-testid="select"
            >
              <option
                value="-1"
              >
                Empty
              </option>
            </select>
          </div>
        </label>
        <label
          class="c2"
        >
          End year
          <div
            class="c3 Select"
          >
            <select
              class="c4"
              data-testid="select"
            >
              <option
                value="-1"
              >
                Empty
              </option>
            </select>
          </div>
        </label>
        <button
          class="c5"
          disabled=""
        >
          Filter
        </button>
        <button
          class="c5"
          disabled=""
        >
          Reset All
        </button>
      </div>
      <div
        class="NoResults"
      >
        <p>
          no beer for you :( 
        </p>
      </div>
    </div>
  </div>
</body>
`;
